nohup: ignoring input
[I 2026-09-24 21:03:40.710 ServerApp] jupyter_lsp | extension was successfully linked.
[I 2026-09-24 21:03:40.715 ServerApp] jupyter_server_terminals | extension was successfully linked.
[I 2026-09-24 21:03:40.720 ServerApp] jupyterlab | extension was successfully linked.
[I 2026-09-24 21:03:40.829 ServerApp] notebook_shim | extension was successfully linked.
[I 2026-09-24 21:03:40.895 ServerApp] notebook_shim | extension was successfully loaded.
[I 2026-09-24 21:03:40.898 ServerApp] jupyter_lsp | extension was successfully loaded.
[I 2026-09-24 21:03:40.901 ServerApp] jupyter_server_terminals | extension was successfully loaded.
[I 2026-09-24 21:03:40.905 LabApp] JupyterLab extension loaded from /home/davidsalome/workspace/Machine-Learning-Portfolio/venv/lib/python3.12/site-packages/jupyterlab
[I 2026-09-24 21:03:40.905 LabApp] JupyterLab application directory is /home/davidsalome/workspace/Machine-Learning-Portfolio/venv/share/jupyter/lab
[I 2026-09-24 21:03:40.906 LabApp] Extension Manager is 'pypi'.
[I 2026-09-24 21:03:40.998 ServerApp] jupyterlab | extension was successfully loaded.
[I 2026-09-24 21:03:40.999 ServerApp] The port 8888 is already in use, trying another port.
[I 2026-09-24 21:03:41.000 ServerApp] The port 8889 is already in use, trying another port.
[I 2026-09-24 21:03:41.000 ServerApp] The port 8890 is already in use, trying another port.
[I 2026-09-24 21:03:41.000 ServerApp] Serving notebooks from local directory: /home/davidsalome/workspace/Machine-Learning-Portfolio
[I 2026-09-24 21:03:41.000 ServerApp] Jupyter Server 2.21.0 is running at:
[I 2026-09-24 21:03:41.000 ServerApp] http://localhost:8891/lab?token=b5041dea23b53ad3a971a3e1114788a80f28f9e1b7dc45ab
[I 2026-09-24 21:03:41.000 ServerApp]     http://127.0.0.1:8891/lab?token=b5041dea23b53ad3a971a3e1114788a80f28f9e1b7dc45ab
[I 2026-09-24 21:03:41.000 ServerApp] Use Control-C to stop this server and shut down all kernels (twice to skip confirmation).
[C 2026-09-24 21:03:41.004 ServerApp] 
    
    To access the server, open this file in a browser:
        file:///home/davidsalome/.local/share/jupyter/runtime/jpserver-7762-open.html
    Or copy and paste one of these URLs:
        http://localhost:8891/lab?token=b5041dea23b53ad3a971a3e1114788a80f28f9e1b7dc45ab
        http://127.0.0.1:8891/lab?token=b5041dea23b53ad3a971a3e1114788a80f28f9e1b7dc45ab
[I 2026-09-24 21:03:41.941 ServerApp] Skipped non-installed server(s): basedpyright, bash-language-server, dockerfile-language-server-nodejs, javascript-typescript-langserver, jedi-language-server, julia-language-server, pyrefly, pyright, python-language-server, python-lsp-server, r-languageserver, sql-language-server, texlab, typescript-language-server, unified-language-server, vscode-css-languageserver-bin, vscode-html-languageserver-bin, vscode-json-languageserver-bin, yaml-language-server
[C 2026-09-24 21:06:19.763 ServerApp] received signal 15, stopping
[I 2026-09-24 21:06:19.769 ServerApp] Shutting down 4 extensions
